Archive member included to satisfy reference by file (symbol)

d:/app/stm32cubeide_1.7.0/stm32cubeide/plugins/com.st.stm32cube.ide.mcu.externaltools.gnu-tools-for-stm32.9-2020-q2-update.win32_2.0.0.202105311346/tools/bin/../lib/gcc/arm-none-eabi/9.3.1/../../../../arm-none-eabi/lib/thumb/v7-m/nofp\libc_nano.a(lib_a-errno.o)
                              ./Core/Src/syscalls.o (__errno)
d:/app/stm32cubeide_1.7.0/stm32cubeide/plugins/com.st.stm32cube.ide.mcu.externaltools.gnu-tools-for-stm32.9-2020-q2-update.win32_2.0.0.202105311346/tools/bin/../lib/gcc/arm-none-eabi/9.3.1/../../../../arm-none-eabi/lib/thumb/v7-m/nofp\libc_nano.a(lib_a-exit.o)
                              d:/app/stm32cubeide_1.7.0/stm32cubeide/plugins/com.st.stm32cube.ide.mcu.externaltools.gnu-tools-for-stm32.9-2020-q2-update.win32_2.0.0.202105311346/tools/bin/../lib/gcc/arm-none-eabi/9.3.1/../../../../arm-none-eabi/lib/thumb/v7-m/nofp/crt0.o (exit)
d:/app/stm32cubeide_1.7.0/stm32cubeide/plugins/com.st.stm32cube.ide.mcu.externaltools.gnu-tools-for-stm32.9-2020-q2-update.win32_2.0.0.202105311346/tools/bin/../lib/gcc/arm-none-eabi/9.3.1/../../../../arm-none-eabi/lib/thumb/v7-m/nofp\libc_nano.a(lib_a-impure.o)
                              d:/app/stm32cubeide_1.7.0/stm32cubeide/plugins/com.st.stm32cube.ide.mcu.externaltools.gnu-tools-for-stm32.9-2020-q2-update.win32_2.0.0.202105311346/tools/bin/../lib/gcc/arm-none-eabi/9.3.1/../../../../arm-none-eabi/lib/thumb/v7-m/nofp\libc_nano.a(lib_a-exit.o) (_global_impure_ptr)
d:/app/stm32cubeide_1.7.0/stm32cubeide/plugins/com.st.stm32cube.ide.mcu.externaltools.gnu-tools-for-stm32.9-2020-q2-update.win32_2.0.0.202105311346/tools/bin/../lib/gcc/arm-none-eabi/9.3.1/../../../../arm-none-eabi/lib/thumb/v7-m/nofp\libc_nano.a(lib_a-init.o)
                              d:/app/stm32cubeide_1.7.0/stm32cubeide/plugins/com.st.stm32cube.ide.mcu.externaltools.gnu-tools-for-stm32.9-2020-q2-update.win32_2.0.0.202105311346/tools/bin/../lib/gcc/arm-none-eabi/9.3.1/../../../../arm-none-eabi/lib/thumb/v7-m/nofp/crt0.o (__libc_init_array)
d:/app/stm32cubeide_1.7.0/stm32cubeide/plugins/com.st.stm32cube.ide.mcu.externaltools.gnu-tools-for-stm32.9-2020-q2-update.win32_2.0.0.202105311346/tools/bin/../lib/gcc/arm-none-eabi/9.3.1/../../../../arm-none-eabi/lib/thumb/v7-m/nofp\libc_nano.a(lib_a-malloc.o)
                              ./Core/Src/software_timer.o (malloc)
d:/app/stm32cubeide_1.7.0/stm32cubeide/plugins/com.st.stm32cube.ide.mcu.externaltools.gnu-tools-for-stm32.9-2020-q2-update.win32_2.0.0.202105311346/tools/bin/../lib/gcc/arm-none-eabi/9.3.1/../../../../arm-none-eabi/lib/thumb/v7-m/nofp\libc_nano.a(lib_a-memset.o)
                              d:/app/stm32cubeide_1.7.0/stm32cubeide/plugins/com.st.stm32cube.ide.mcu.externaltools.gnu-tools-for-stm32.9-2020-q2-update.win32_2.0.0.202105311346/tools/bin/../lib/gcc/arm-none-eabi/9.3.1/../../../../arm-none-eabi/lib/thumb/v7-m/nofp/crt0.o (memset)
d:/app/stm32cubeide_1.7.0/stm32cubeide/plugins/com.st.stm32cube.ide.mcu.externaltools.gnu-tools-for-stm32.9-2020-q2-update.win32_2.0.0.202105311346/tools/bin/../lib/gcc/arm-none-eabi/9.3.1/../../../../arm-none-eabi/lib/thumb/v7-m/nofp\libc_nano.a(lib_a-nano-freer.o)
                              d:/app/stm32cubeide_1.7.0/stm32cubeide/plugins/com.st.stm32cube.ide.mcu.externaltools.gnu-tools-for-stm32.9-2020-q2-update.win32_2.0.0.202105311346/tools/bin/../lib/gcc/arm-none-eabi/9.3.1/../../../../arm-none-eabi/lib/thumb/v7-m/nofp\libc_nano.a(lib_a-malloc.o) (_free_r)
d:/app/stm32cubeide_1.7.0/stm32cubeide/plugins/com.st.stm32cube.ide.mcu.externaltools.gnu-tools-for-stm32.9-2020-q2-update.win32_2.0.0.202105311346/tools/bin/../lib/gcc/arm-none-eabi/9.3.1/../../../../arm-none-eabi/lib/thumb/v7-m/nofp\libc_nano.a(lib_a-nano-mallocr.o)
                              d:/app/stm32cubeide_1.7.0/stm32cubeide/plugins/com.st.stm32cube.ide.mcu.externaltools.gnu-tools-for-stm32.9-2020-q2-update.win32_2.0.0.202105311346/tools/bin/../lib/gcc/arm-none-eabi/9.3.1/../../../../arm-none-eabi/lib/thumb/v7-m/nofp\libc_nano.a(lib_a-malloc.o) (_malloc_r)
d:/app/stm32cubeide_1.7.0/stm32cubeide/plugins/com.st.stm32cube.ide.mcu.externaltools.gnu-tools-for-stm32.9-2020-q2-update.win32_2.0.0.202105311346/tools/bin/../lib/gcc/arm-none-eabi/9.3.1/../../../../arm-none-eabi/lib/thumb/v7-m/nofp\libc_nano.a(lib_a-sbrkr.o)
                              d:/app/stm32cubeide_1.7.0/stm32cubeide/plugins/com.st.stm32cube.ide.mcu.externaltools.gnu-tools-for-stm32.9-2020-q2-update.win32_2.0.0.202105311346/tools/bin/../lib/gcc/arm-none-eabi/9.3.1/../../../../arm-none-eabi/lib/thumb/v7-m/nofp\libc_nano.a(lib_a-nano-mallocr.o) (_sbrk_r)
d:/app/stm32cubeide_1.7.0/stm32cubeide/plugins/com.st.stm32cube.ide.mcu.externaltools.gnu-tools-for-stm32.9-2020-q2-update.win32_2.0.0.202105311346/tools/bin/../lib/gcc/arm-none-eabi/9.3.1/../../../../arm-none-eabi/lib/thumb/v7-m/nofp\libc_nano.a(lib_a-mlock.o)
[...]
Memory Configuration

Name             Origin             Length             Attributes
RAM              0x0000000020000000 0x0000000000002800 xrw
FLASH            0x0000000008000000 0x0000000000008000 xr
*default*        0x0000000000000000 0xffffffffffffffff

Linker script and memory map

LOAD d:/app/stm32cubeide_1.7.0/stm32cubeide/plugins/com.st.stm32cube.ide.mcu.externaltools.gnu-tools-for-stm32.9-2020-q2-update.win32_2.0.0.202105311346/tools/bin/../lib/gcc/arm-none-eabi/9.3.1/thumb/v7-m/nofp/crti.o
LOAD d:/app/stm32cubeide_1.7.0/stm32cubeide/plugins/com.st.stm32cube.ide.mcu.externaltools.gnu-tools-for-stm32.9-2020-q2-update.win32_2.0.0.202105311346/tools/bin/../lib/gcc/arm-none-eabi/9.3.1/thumb/v7-m/nofp/crtbegin.o
LOAD d:/app/stm32cubeide_1.7.0/stm32cubeide/plugins/com.st.stm32cube.ide.mcu.externaltools.gnu-tools-for-stm32.9-2020-q2-update.win32_2.0.0.202105311346/tools/bin/../lib/gcc/arm-none-eabi/9.3.1/../../../../arm-none-eabi/lib/thumb/v7-m/nofp/crt0.o
LOAD ./Core/Src/display7seg.o
LOAD ./Core/Src/fsm_run.o
LOAD ./Core/Src/global.o
LOAD ./Core/Src/input_processing.o
LOAD ./Core/Src/input_reading.o
LOAD ./Core/Src/main.o
LOAD ./Core/Src/software_timer.o
LOAD ./Core/Src/stm32f1xx_hal_msp.o
LOAD ./Core/Src/stm32f1xx_it.o
LOAD ./Core/Src/syscalls.o
LOAD ./Core/Src/sysmem.o
LOAD ./Core/Src/system_stm32f1xx.o
LOAD ./Core/Src/traffic_light.o
LOAD ./Core/Startup/startup_stm32f103c6tx.o
LOAD ./Drivers/STM32F1xx_HAL_Driver/Src/stm32f1xx_hal.o
LOAD ./Drivers/STM32F1xx_HAL_Driver/Src/stm32f1xx_hal_cortex.o
LOAD ./Drivers/STM32F1xx_HAL_Driver/Src/stm32f1xx_hal_dma.o
LOAD ./Drivers/STM32F1xx_HAL_Driver/Src/stm32f1xx_hal_exti.o
LOAD ./Drivers/STM32F1xx_HAL_Driver/Src/stm32f1xx_hal_flash.o
LOAD ./Drivers/STM32F1xx_HAL_Driver/Src/stm32f1xx_hal_flash_ex.o
LOAD ./Drivers/STM32F1xx_HAL_Driver/Src/stm32f1xx_hal_gpio.o
LOAD ./Drivers/STM32F1xx_HAL_Driver/Src/stm32f1xx_hal_gpio_ex.o
LOAD ./Drivers/STM32F1xx_HAL_Driver/Src/stm32f1xx_hal_pwr.o
LOAD ./Drivers/STM32F1xx_HAL_Driver/Src/stm32f1xx_hal_rcc.o
LOAD ./Drivers/STM32F1xx_HAL_Driver/Src/stm32f1xx_hal_rcc_ex.o
LOAD ./Drivers/STM32F1xx_HAL_Driver/Src/stm32f1xx_hal_tim.o
LOAD ./Drivers/STM32F1xx_HAL_Driver/Src/stm32f1xx_hal_tim_ex.o
START GROUP
LOAD d:/app/stm32cubeide_1.7.0/stm32cubeide/plugins/com.st.stm32cube.ide.mcu.externaltools.gnu-tools-for-stm32.9-2020-q2-update.win32_2.0.0.202105311346/tools/bin/../lib/gcc/arm-none-eabi/9.3.1/../../../../arm-none-eabi/lib/thumb/v7-m/nofp\libc_nano.a
LOAD d:/app/stm32cubeide_1.7.0/stm32cubeide/plugins/com.st.stm32cube.ide.mcu.externaltools.gnu-tools-for-stm32.9-2020-q2-update.win32_2.0.0.202105311346/tools/bin/../lib/gcc/arm-none-eabi/9.3.1/../../../../arm-none-eabi/lib/thumb/v7-m/nofp\libm.a
END GROUP
START GROUP
LOAD d:/app/stm32cubeide_1.7.0/stm32cubeide/plugins/com.st.stm32cube.ide.mcu.externaltools.gnu-tools-for-stm32.9-2020-q2-update.win32_2.0.0.202105311346/tools/bin/../lib/gcc/arm-none-eabi/9.3.1/thumb/v7-m/nofp\libgcc.a
LOAD d:/app/stm32cubeide_1.7.0/stm32cubeide/plugins/com.st.stm32cube.ide.mcu.externaltools.gnu-tools-for-stm32.9-2020-q2-update.win32_2.0.0.202105311346/tools/bin/../lib/gcc/arm-none-eabi/9.3.1/../../../../arm-none-eabi/lib/thumb/v7-m/nofp\libc_nano.a
END GROUP
START GROUP
LOAD d:/app/stm32cubeide_1.7.0/stm32cubeide/plugins/com.st.stm32cube.ide.mcu.externaltools.gnu-tools-for-stm32.9-2020-q2-update.win32_2.0.0.202105311346/tools/bin/../lib/gcc/arm-none-eabi/9.3.1/thumb/v7-m/nofp\libgcc.a
LOAD d:/app/stm32cubeide_1.7.0/stm32cubeide/plugins/com.st.stm32cube.ide.mcu.externaltools.gnu-tools-for-stm32.9-2020-q2-update.win32_2.0.0.202105311346/tools/bin/../lib/gcc/arm-none-eabi/9.3.1/../../../../arm-none-eabi/lib/thumb/v7-m/nofp\libc_nano.a
LOAD d:/app/stm32cubeide_1.7.0/stm32cubeide/plugins/com.st.stm32cube.ide.mcu.externaltools.gnu-tools-for-stm32.9-2020-q2-update.win32_2.0.0.202105311346/tools/bin/../lib/gcc/arm-none-eabi/9.3.1/../../../../arm-none-eabi/lib/thumb/v7-m/nofp\libnosys.a
END GROUP
START GROUP
LOAD d:/app/stm32cubeide_1.7.0/stm32cubeide/plugins/com.st.stm32cube.ide.mcu.externaltools.gnu-tools-for-stm32.9-2020-q2-update.win32_2.0.0.202105311346/tools/bin/../lib/gcc/arm-none-eabi/9.3.1/thumb/v7-m/nofp\libgcc.a
LOAD d:/app/stm32cubeide_1.7.0/stm32cubeide/plugins/com.st.stm32cube.ide.mcu.externaltools.gnu-tools-for-stm32.9-2020-q2-update.win32_2.0.0.202105311346/tools/bin/../lib/gcc/arm-none-eabi/9.3.1/../../../../arm-none-eabi/lib/thumb/v7-m/nofp\libc_nano.a
LOAD d:/app/stm32cubeide_1.7.0/stm32cubeide/plugins/com.st.stm32cube.ide.mcu.externaltools.gnu-tools-for-stm32.9-2020-q2-update.win32_2.0.0.202105311346/tools/bin/../lib/gcc/arm-none-eabi/9.3.1/../../../../arm-none-eabi/lib/thumb/v7-m/nofp\libnosys.a
END GROUP
LOAD d:/app/stm32cubeide_1.7.0/stm32cubeide/plugins/com.st.stm32cube.ide.mcu.externaltools.gnu-tools-for-stm32.9-2020-q2-update.win32_2.0.0.202105311346/tools/bin/../lib/gcc/arm-none-eabi/9.3.1/thumb/v7-m/nofp/crtend.o
LOAD d:/app/stm32cubeide_1.7.0/stm32cubeide/plugins/com.st.stm32cube.ide.mcu.externaltools.gnu-tools-for-stm32.9-2020-q2-update.win32_2.0.0.202105311346/tools/bin/../lib/gcc/arm-none-eabi/9.3.1/thumb/v7-m/nofp/crtn.o
                0x0000000020002800                _estack = (ORIGIN (RAM) + LENGTH (RAM))
                0x0000000000000200                _Min_Heap_Size = 0x200
                0x0000000000000400                _Min_Stack_Size = 0x400

.isr_vector     0x0000000008000000      0x10c
                0x0000000008000000                . = ALIGN (0x4)
 *(.isr_vector)
 .isr_vector    0x0000000008000000      0x10c ./Core/Startup/startup_stm32f103c6tx.o
                0x0000000008000000                g_pfnVectors
                0x000000000800010c                . = ALIGN (0x4)

.text           0x000000000800010c     0x2c44
                0x000000000800010c                . = ALIGN (0x4)
 *(.text)
 .text          0x000000000800010c       0x40 d:/app/stm32cubeide_1.7.0/stm32cubeide/plugins/com.st.stm32cube.ide.mcu.externaltools.gnu-tools-for-stm32.9-2020-q2-update.win32_2.0.0.202105311346/tools/bin/../lib/gcc/arm-none-eabi/9.3.1/thumb/v7-m/nofp/crtbegin.o
 *(.text*)
 .text.display7SEG
                0x000000000800014c      0x10c ./Core/Src/display7seg.o
                0x000000000800014c                display7SEG
 .text.update7SEG
                0x0000000008000258       0x94 ./Core/Src/display7seg.o
                0x0000000008000258                update7SEG
 .text.countDown7SEG
                0x00000000080002ec       0x2c ./Core/Src/display7seg.o
                0x00000000080002ec                countDown7SEG
 .text.number7SEG
                0x0000000008000318      0x5b0 ./Core/Src/display7seg.o
                0x0000000008000318                number7SEG
 .text.fsm_run  0x00000000080008c8       0xbc ./Core/Src/fsm_run.o
                0x00000000080008c8                fsm_run
 .text.fsm_for_input_processing
                0x0000000008000984       0x7c ./Core/Src/input_processing.o
                0x0000000008000984                fsm_for_input_processing
 .text.button_pin_read
                0x0000000008000a00       0x54 ./Core/Src/input_reading.o
                0x0000000008000a00                button_pin_read
 .text.button_reading
                0x0000000008000a54      0x190 ./Core/Src/input_reading.o
                0x0000000008000a54                button_reading
 .text.is_button_press
                0x0000000008000be4       0x34 ./Core/Src/input_reading.o
                0x0000000008000be4                is_button_press
 .text.is_button_hold
                0x0000000008000c18       0x34 ./Core/Src/input_reading.o
                0x0000000008000c18                is_button_hold
 .text.unit_test_button_read
                0x0000000008000c4c       0x38 ./Core/Src/input_reading.o
                0x0000000008000c4c                unit_test_button_read
 .text.main     0x0000000008000c84       0x90 ./Core/Src/main.o
                0x0000000008000c84                main
 .text.SystemClock_Config
                0x0000000008000d14       0x76 ./Core/Src/main.o
                0x0000000008000d14                SystemClock_Config
 *fill*         0x0000000008000d8a        0x2 
 .text.MX_TIM2_Init
                0x0000000008000d8c       0x98 ./Core/Src/main.o
 .text.MX_GPIO_Init
                0x0000000008000e24       0xc0 ./Core/Src/main.o
 .text.Error_Handler
                0x0000000008000ee4        0xa ./Core/Src/main.o
                0x0000000008000ee4                Error_Handler
 *fill*         0x0000000008000eee        0x2 
 .text.set_timer
                0x0000000008000ef0       0xdc ./Core/Src/software_timer.o
                0x0000000008000ef0                set_timer
 .text.timer_tick
                0x0000000008000fcc      0x15c ./Core/Src/software_timer.o
                0x0000000008000fcc                timer_tick
 .text.HAL_TIM_PeriodElapsedCallback
                0x0000000008001128       0x22 ./Core/Src/software_timer.o
                0x0000000008001128                HAL_TIM_PeriodElapsedCallback
 *fill*         0x000000000800114a        0x2 
 .text.unit_test_software_timer
                0x000000000800114c       0x2c ./Core/Src/software_timer.o
                0x000000000800114c                unit_test_software_timer
 .text.HAL_MspInit
                0x0000000008001178       0x64 ./Core/Src/stm32f1xx_hal_msp.o
                0x0000000008001178                HAL_MspInit
 .text.HAL_TIM_Base_MspInit
                0x00000000080011dc       0x48 ./Core/Src/stm32f1xx_hal_msp.o
                0x00000000080011dc                HAL_TIM_Base_MspInit
 .text.NMI_Handler
                0x0000000008001224        0x6 ./Core/Src/stm32f1xx_it.o
                0x0000000008001224                NMI_Handler
 .text.HardFault_Handler
                0x000000000800122a        0x6 ./Core/Src/stm32f1xx_it.o
                0x000000000800122a                HardFault_Handler
 .text.MemManage_Handler
                0x0000000008001230        0x6 ./Core/Src/stm32f1xx_it.o
                0x0000000008001230                MemManage_Handler
 .text.BusFault_Handler
                0x0000000008001236        0x6 ./Core/Src/stm32f1xx_it.o
                0x0000000008001236                BusFault_Handler
 .text.UsageFault_Handler
                0x000000000800123c        0x6 ./Core/Src/stm32f1xx_it.o
                0x000000000800123c                UsageFault_Handler
 .text.SVC_Handler
                0x0000000008001242        0xc ./Core/Src/stm32f1xx_it.o
                0x0000000008001242                SVC_Handler
 .text.DebugMon_Handler
                0x000000000800124e        0xc ./Core/Src/stm32f1xx_it.o
                0x000000000800124e                DebugMon_Handler
 .text.PendSV_Handler
                0x000000000800125a        0xc ./Core/Src/stm32f1xx_it.o
                0x000000000800125a                PendSV_Handler
 .text.SysTick_Handler
                0x0000000008001266        0xc ./Core/Src/stm32f1xx_it.o
                0x0000000008001266                SysTick_Handler
 *fill*         0x0000000008001272        0x2 
 .text.TIM2_IRQHandler
                0x0000000008001274       0x14 ./Core/Src/stm32f1xx_it.o
                0x0000000008001274                TIM2_IRQHandler
 .text._sbrk    0x0000000008001288       0x6c ./Core/Src/sysmem.o
                0x0000000008001288                _sbrk
 .text.SystemInit
                0x00000000080012f4        0xc ./Core/Src/system_stm32f1xx.o
                0x00000000080012f4                SystemInit
 .text.fsm_traffic
                0x0000000008001300       0xec ./Core/Src/traffic_light.o
                0x0000000008001300                fsm_traffic
 .text.lit_red  0x00000000080013ec       0x60 ./Core/Src/traffic_light.o
                0x00000000080013ec                lit_red
 .text.lit_yellow
                0x000000000800144c       0x60 ./Core/Src/traffic_light.o
                0x000000000800144c                lit_yellow
 .text.lit_green
                0x00000000080014ac       0x60 ./Core/Src/traffic_light.o
                0x00000000080014ac                lit_green
 .text.Reset_Handler
                0x000000000800150c       0x48 ./Core/Startup/startup_stm32f103c6tx.o
                0x000000000800150c                Reset_Handler
 .text.Default_Handler
                0x0000000008001554        0x2 ./Core/Startup/startup_stm32f103c6tx.o
                0x0000000008001554                RTC_Alarm_IRQHandler
                0x0000000008001554                EXTI2_IRQHandler
                0x0000000008001554                TIM1_CC_IRQHandler
                0x0000000008001554                PVD_IRQHandler
                0x0000000008001554                EXTI3_IRQHandler
                0x0000000008001554                EXTI0_IRQHandler
                0x0000000008001554                ADC1_2_IRQHandler
                0x0000000008001554                SPI1_IRQHandler
                0x0000000008001554                TAMPER_IRQHandler
                0x0000000008001554                DMA1_Channel4_IRQHandler
                0x0000000008001554                RTC_IRQHandler
                0x0000000008001554                DMA1_Channel7_IRQHandler
                0x0000000008001554                CAN1_RX1_IRQHandler
                0x0000000008001554                I2C1_EV_IRQHandler
                0x0000000008001554                DMA1_Channel6_IRQHandler
                0x0000000008001554                TIM3_IRQHandler
                0x0000000008001554                RCC_IRQHandler
                0x0000000008001554                TIM1_TRG_COM_IRQHandler
                0x0000000008001554                DMA1_Channel1_IRQHandler
                0x0000000008001554                Default_Handler
                0x0000000008001554                EXTI15_10_IRQHandler
                0x0000000008001554                EXTI9_5_IRQHandler
                0x0000000008001554                DMA1_Channel5_IRQHandler
                0x0000000008001554                EXTI4_IRQHandler
                0x0000000008001554                USB_LP_CAN1_RX0_IRQHandler
                0x0000000008001554                USB_HP_CAN1_TX_IRQHandler
                0x0000000008001554                DMA1_Channel3_IRQHandler
                0x0000000008001554                TIM1_UP_IRQHandler
                0x0000000008001554                WWDG_IRQHandler
                0x0000000008001554                TIM1_BRK_IRQHandler
                0x0000000008001554                EXTI1_IRQHandler
                0x0000000008001554                USART2_IRQHandler
                0x0000000008001554                DMA1_Channel2_IRQHandler
                0x0000000008001554                CAN1_SCE_IRQHandler
                0x0000000008001554                FLASH_IRQHandler
                0x0000000008001554                USART1_IRQHandler
                0x0000000008001554                I2C1_ER_IRQHandler
                0x0000000008001554                USBWakeUp_IRQHandler
 *fill*         0x0000000008001556        0x2 
 .text.HAL_Init
                0x0000000008001558       0x2c ./Drivers/STM32F1xx_HAL_Driver/Src/stm32f1xx_hal.o
                0x0000000008001558                HAL_Init
 .text.HAL_InitTick
                0x0000000008001584       0x60 ./Drivers/STM32F1xx_HAL_Driver/Src/stm32f1xx_hal.o
                0x0000000008001584                HAL_InitTick
 .text.HAL_IncTick
                0x00000000080015e4       0x24 ./Drivers/STM32F1xx_HAL_Driver/Src/stm32f1xx_hal.o
                0x00000000080015e4                HAL_IncTick
 .text.HAL_GetTick
                0x0000000008001608       0x14 ./Drivers/STM32F1xx_HAL_Driver/Src/stm32f1xx_hal.o
                0x0000000008001608                HAL_GetTick
 .text.__NVIC_SetPriorityGrouping
                0x000000000800161c       0x48 ./Drivers/STM32F1xx_HAL_Driver/Src/stm32f1xx_hal_cortex.o
 .text.__NVIC_GetPriorityGrouping
                0x0000000008001664       0x1c ./Drivers/STM32F1xx_HAL_Driver/Src/stm32f1xx_hal_cortex.o
 .text.__NVIC_EnableIRQ
                0x0000000008001680       0x38 ./Drivers/STM32F1xx_HAL_Driver/Src/stm32f1xx_hal_cortex.o
 .text.__NVIC_SetPriority
                0x00000000080016b8       0x54 ./Drivers/STM32F1xx_HAL_Driver/Src/stm32f1xx_hal_cortex.o
 .text.NVIC_EncodePriority
                0x000000000800170c       0x64 ./Drivers/STM32F1xx_HAL_Driver/Src/stm32f1xx_hal_cortex.o
 .text.SysTick_Config
                0x0000000008001770       0x44 ./Drivers/STM32F1xx_HAL_Driver/Src/stm32f1xx_hal_cortex.o
 .text.HAL_NVIC_SetPriorityGrouping
                0x00000000080017b4       0x16 ./Drivers/STM32F1xx_HAL_Driver/Src/stm32f1xx_hal_cortex.o
                0x00000000080017b4                HAL_NVIC_SetPriorityGrouping
 .text.HAL_NVIC_SetPriority
                0x00000000080017ca       0x38 ./Drivers/STM32F1xx_HAL_Driver/Src/stm32f1xx_hal_cortex.o
                0x00000000080017ca                HAL_NVIC_SetPriority
 .text.HAL_NVIC_EnableIRQ
                0x0000000008001802       0x1c ./Drivers/STM32F1xx_HAL_Driver/Src/stm32f1xx_hal_cortex.o
                0x0000000008001802                HAL_NVIC_EnableIRQ
 .text.HAL_SYSTICK_Config
                0x000000000800181e       0x18 ./Drivers/STM32F1xx_HAL_Driver/Src/stm32f1xx_hal_cortex.o
                0x000000000800181e                HAL_SYSTICK_Config
 *fill*         0x0000000008001836        0x2 
 .text.HAL_GPIO_Init
                0x0000000008001838      0x2f4 ./Drivers/STM32F1xx_HAL_Driver/Src/stm32f1xx_hal_gpio.o
                0x0000000008001838                HAL_GPIO_Init
 .text.HAL_GPIO_ReadPin
                0x0000000008001b2c       0x2e ./Drivers/STM32F1xx_HAL_Driver/Src/stm32f1xx_hal_gpio.o
                0x0000000008001b2c                HAL_GPIO_ReadPin
 .text.HAL_GPIO_WritePin
                0x0000000008001b5a       0x30 ./Drivers/STM32F1xx_HAL_Driver/Src/stm32f1xx_hal_gpio.o
                0x0000000008001b5a                HAL_GPIO_WritePin
 .text.HAL_GPIO_TogglePin
                0x0000000008001b8a       0x32 ./Drivers/STM32F1xx_HAL_Driver/Src/stm32f1xx_hal_gpio.o
                0x0000000008001b8a                HAL_GPIO_TogglePin
 .text.HAL_RCC_OscConfig
                0x0000000008001bbc      0x500 ./Drivers/STM32F1xx_HAL_Driver/Src/stm32f1xx_hal_rcc.o
                0x0000000008001bbc                HAL_RCC_OscConfig
 .text.HAL_RCC_ClockConfig
                0x00000000080020bc      0x1d4 ./Drivers/STM32F1xx_HAL_Driver/Src/stm32f1xx_hal_rcc.o
                0x00000000080020bc                HAL_RCC_ClockConfig
 .text.HAL_RCC_GetSysClockFreq
                0x0000000008002290       0xa8 ./Drivers/STM32F1xx_HAL_Driver/Src/stm32f1xx_hal_rcc.o
                0x0000000008002290                HAL_RCC_GetSysClockFreq
 .text.RCC_Delay
                0x0000000008002338       0x3c ./Drivers/STM32F1xx_HAL_Driver/Src/stm32f1xx_hal_rcc.o
 .text.HAL_TIM_Base_Init
                0x0000000008002374       0x9e ./Drivers/STM32F1xx_HAL_Driver/Src/stm32f1xx_hal_tim.o
                0x0000000008002374                HAL_TIM_Base_Init
 *fill*         0x0000000008002412        0x2 
 .text.HAL_TIM_Base_Start_IT
                0x0000000008002414       0x98 ./Drivers/STM32F1xx_HAL_Driver/Src/stm32f1xx_hal_tim.o
                0x0000000008002414                HAL_TIM_Base_Start_IT
 .text.HAL_TIM_IRQHandler
                0x00000000080024ac      0x1e0 ./Drivers/STM32F1xx_HAL_Driver/Src/stm32f1xx_hal_tim.o
                0x00000000080024ac                HAL_TIM_IRQHandler
 .text.HAL_TIM_ConfigClockSource
                0x000000000800268c      0x18e ./Drivers/STM32F1xx_HAL_Driver/Src/stm32f1xx_hal_tim.o
                0x000000000800268c                HAL_TIM_ConfigClockSource
 .text.HAL_TIM_OC_DelayElapsedCallback
                0x000000000800281a       0x12 ./Drivers/STM32F1xx_HAL_Driver/Src/stm32f1xx_hal_tim.o
                0x000000000800281a                HAL_TIM_OC_DelayElapsedCallback
 .text.HAL_TIM_IC_CaptureCallback
                0x000000000800282c       0x12 ./Drivers/STM32F1xx_HAL_Driver/Src/stm32f1xx_hal_tim.o
                0x000000000800282c                HAL_TIM_IC_CaptureCallback
 .text.HAL_TIM_PWM_PulseFinishedCallback
                0x000000000800283e       0x12 ./Drivers/STM32F1xx_HAL_Driver/Src/stm32f1xx_hal_tim.o
                0x000000000800283e                HAL_TIM_PWM_PulseFinishedCallback
 .text.HAL_TIM_TriggerCallback
                0x0000000008002850       0x12 ./Drivers/STM32F1xx_HAL_Driver/Src/stm32f1xx_hal_tim.o
                0x0000000008002850                HAL_TIM_TriggerCallback
 *fill*         0x0000000008002862        0x2 
 .text.TIM_Base_SetConfig
                0x0000000008002864       0xc8 ./Drivers/STM32F1xx_HAL_Driver/Src/stm32f1xx_hal_tim.o
                0x0000000008002864                TIM_Base_SetConfig
 .text.TIM_TI1_ConfigInputStage
                0x000000000800292c       0x5c ./Drivers/STM32F1xx_HAL_Driver/Src/stm32f1xx_hal_tim.o
 .text.TIM_TI2_ConfigInputStage
                0x0000000008002988       0x5e ./Drivers/STM32F1xx_HAL_Driver/Src/stm32f1xx_hal_tim.o
 .text.TIM_ITRx_SetConfig
                0x00000000080029e6       0x34 ./Drivers/STM32F1xx_HAL_Driver/Src/stm32f1xx_hal_tim.o
 .text.TIM_ETR_SetConfig
                0x0000000008002a1a       0x3e ./Drivers/STM32F1xx_HAL_Driver/Src/stm32f1xx_hal_tim.o
                0x0000000008002a1a                TIM_ETR_SetConfig
 .text.HAL_TIMEx_MasterConfigSynchronization
                0x0000000008002a58       0xb0 ./Drivers/STM32F1xx_HAL_Driver/Src/stm32f1xx_hal_tim_ex.o
                0x0000000008002a58                HAL_TIMEx_MasterConfigSynchronization
 .text.HAL_TIMEx_CommutCallback
                0x0000000008002b08       0x12 ./Drivers/STM32F1xx_HAL_Driver/Src/stm32f1xx_hal_tim_ex.o
                0x0000000008002b08                HAL_TIMEx_CommutCallback
 .text.HAL_TIMEx_BreakCallback
                0x0000000008002b1a       0x12 ./Drivers/STM32F1xx_HAL_Driver/Src/stm32f1xx_hal_tim_ex.o
                0x0000000008002b1a                HAL_TIMEx_BreakCallback
 .text.__errno  0x0000000008002b2c        0xc d:/app/stm32cubeide_1.7.0/stm32cubeide/plugins/com.st.stm32cube.ide.mcu.externaltools.gnu-tools-for-stm32.9-2020-q2-update.win32_2.0.0.202105311346/tools/bin/../lib/gcc/arm-none-eabi/9.3.1/../../../../arm-none-eabi/lib/thumb/v7-m/nofp\libc_nano.a(lib_a-errno.o)
                0x0000000008002b2c                __errno
 .text.__libc_init_array
                0x0000000008002b38       0x48 d:/app/stm32cubeide_1.7.0/stm32cubeide/plugins/com.st.stm32cube.ide.mcu.externaltools.gnu-tools-for-stm32.9-2020-q2-update.win32_2.0.0.202105311346/tools/bin/../lib/gcc/arm-none-eabi/9.3.1/../../../../arm-none-eabi/lib/thumb/v7-m/nofp\libc_nano.a(lib_a-init.o)
                0x0000000008002b38                __libc_init_array
 .text.malloc   0x0000000008002b80       0x10 d:/app/stm32cubeide_1.7.0/stm32cubeide/plugins/com.st.stm32cube.ide.mcu.externaltools.gnu-tools-for-stm32.9-2020-q2-update.win32_2.0.0.202105311346/tools/bin/../lib/gcc/arm-none-eabi/9.3.1/../../../../arm-none-eabi/lib/thumb/v7-m/nofp\libc_nano.a(lib_a-malloc.o)
                0x0000000008002b80                malloc
 .text.free     0x0000000008002b90       0x10 d:/app/stm32cubeide_1.7.0/stm32cubeide/plugins/com.st.stm32cube.ide.mcu.externaltools.gnu-tools-for-stm32.9-2020-q2-update.win32_2.0.0.202105311346/tools/bin/../lib/gcc/arm-none-eabi/9.3.1/../../../../arm-none-eabi/lib/thumb/v7-m/nofp\libc_nano.a(lib_a-malloc.o)
                0x0000000008002b90                free
 .text.memset   0x0000000008002ba0       0x10 d:/app/stm32cubeide_1.7.0/stm32cubeide/plugins/com.st.stm32cube.ide.mcu.externaltools.gnu-tools-for-stm32.9-2020-q2-update.win32_2.0.0.202105311346/tools/bin/../lib/gcc/arm-none-eabi/9.3.1/../../../../arm-none-eabi/lib/thumb/v7-m/nofp\libc_nano.a(lib_a-memset.o)
                0x0000000008002ba0                memset
 .text._free_r  0x0000000008002bb0       0x98 d:/app/stm32cubeide_1.7.0/stm32cubeide/plugins/com.st.stm32cube.ide.mcu.externaltools.gnu-tools-for-stm32.9-2020-q2-update.win32_2.0.0.202105311346/tools/bin/../lib/gcc/arm-none-eabi/9.3.1/../../../../arm-none-eabi/lib/thumb/v7-m/nofp\libc_nano.a(lib_a-nano-freer.o)
                0x0000000008002bb0                _free_r
 .text._malloc_r
                0x0000000008002c48       0xb4 d:/app/stm32cubeide_1.7.0/stm32cubeide/plugins/com.st.stm32cube.ide.mcu.externaltools.gnu-tools-for-stm32.9-2020-q2-update.win32_2.0.0.202105311346/tools/bin/../lib/gcc/arm-none-eabi/9.3.1/../../../../arm-none-eabi/lib/thumb/v7-m/nofp\libc_nano.a(lib_a-nano-mallocr.o)
                0x0000000008002c48                _malloc_r
 .text._sbrk_r  0x0000000008002cfc       0x20 d:/app/stm32cubeide_1.7.0/stm32cubeide/plugins/com.st.stm32cube.ide.mcu.externaltools.gnu-tools-for-stm32.9-2020-q2-update.win32_2.0.0.202105311346/tools/bin/../lib/gcc/arm-none-eabi/9.3.1/../../../../arm-none-eabi/lib/thumb/v7-m/nofp\libc_nano.a(lib_a-sbrkr.o)
                0x0000000008002cfc                _sbrk_r
 .text.__malloc_lock
                0x0000000008002d1c        0xc d:/app/stm32cubeide_1.7.0/stm32cubeide/plugins/com.st.stm32cube.ide.mcu.externaltools.gnu-tools-for-stm32.9-2020-q2-update.win32_2.0.0.202105311346/tools/bin/../lib/gcc/arm-none-eabi/9.3.1/../../../../arm-none-eabi/lib/thumb/v7-m/nofp\libc_nano.a(lib_a-mlock.o)
                0x0000000008002d1c                __malloc_lock
 .text.__malloc_unlock
                0x0000000008002d28        0xc d:/app/stm32cubeide_1.7.0/stm32cubeide/plugins/com.st.stm32cube.ide.mcu.externaltools.gnu-tools-for-stm32.9-2020-q2-update.win32_2.0.0.202105311346/tools/bin/../lib/gcc/arm-none-eabi/9.3.1/../../../../arm-none-eabi/lib/thumb/v7-m/nofp\libc_nano.a(lib_a-mlock.o)
                0x0000000008002d28                __malloc_unlock
 .text.__retarget_lock_acquire_recursive
                0x0000000008002d34        0x2 d:/app/stm32cubeide_1.7.0/stm32cubeide/plugins/com.st.stm32cube.ide.mcu.externaltools.gnu-tools-for-stm32.9-2020-q2-update.win32_2.0.0.202105311346/tools/bin/../lib/gcc/arm-none-eabi/9.3.1/../../../../arm-none-eabi/lib/thumb/v7-m/nofp\libc_nano.a(lib_a-lock.o)
                0x0000000008002d34                __retarget_lock_acquire_recursive
 .text.__retarget_lock_release_recursive
                0x0000000008002d36        0x2 d:/app/stm32cubeide_1.7.0/stm32cubeide/plugins/com.st.stm32cube.ide.mcu.externaltools.gnu-tools-for-stm32.9-2020-q2-update.win32_2.0.0.202105311346/tools/bin/../lib/gcc/arm-none-eabi/9.3.1/../../../../arm-none-eabi/lib/thumb/v7-m/nofp\libc_nano.a(lib_a-lock.o)
                0x0000000008002d36                __retarget_lock_release_recursive
 *(.glue_7)
 .glue_7        0x0000000008002d38        0x0 linker stubs
 *(.glue_7t)
 .glue_7t       0x0000000008002d38        0x0 linker stubs
 *(.eh_frame)
 .eh_frame      0x0000000008002d38        0x0 d:/app/stm32cubeide_1.7.0/stm32cubeide/plugins/com.st.stm32cube.ide.mcu.externaltools.gnu-tools-for-stm32.9-2020-q2-update.win32_2.0.0.202105311346/tools/bin/../lib/gcc/arm-none-eabi/9.3.1/thumb/v7-m/nofp/crtbegin.o
 *(.init)
 .init          0x0000000008002d38        0x4 d:/app/stm32cubeide_1.7.0/stm32cubeide/plugins/com.st.stm32cube.ide.mcu.externaltools.gnu-tools-for-stm32.9-2020-q2-update.win32_2.0.0.202105311346/tools/bin/../lib/gcc/arm-none-eabi/9.3.1/thumb/v7-m/nofp/crti.o
                0x0000000008002d38                _init
 .init          0x0000000008002d3c        0x8 d:/app/stm32cubeide_1.7.0/stm32cubeide/plugins/com.st.stm32cube.ide.mcu.externaltools.gnu-tools-for-stm32.9-2020-q2-update.win32_2.0.0.202105311346/tools/bin/../lib/gcc/arm-none-eabi/9.3.1/thumb/v7-m/nofp/crtn.o
 *(.fini)
 .fini          0x0000000008002d44        0x4 d:/app/stm32cubeide_1.7.0/stm32cubeide/plugins/com.st.stm32cube.ide.mcu.externaltools.gnu-tools-for-stm32.9-2020-q2-update.win32_2.0.0.202105311346/tools/bin/../lib/gcc/arm-none-eabi/9.3.1/thumb/v7-m/nofp/crti.o
                0x0000000008002d44                _fini
 .fini          0x0000000008002d48        0x8 d:/app/stm32cubeide_1.7.0/stm32cubeide/plugins/com.st.stm32cube.ide.mcu.externaltools.gnu-tools-for-stm32.9-2020-q2-update.win32_2.0.0.202105311346/tools/bin/../lib/gcc/arm-none-eabi/9.3.1/thumb/v7-m/nofp/crtn.o
                0x0000000008002d50                . = ALIGN (0x4)
                0x0000000008002d50                _etext = .

.vfp11_veneer   0x0000000008002d50        0x0
 .vfp11_veneer  0x0000000008002d50        0x0 linker stubs

.v4_bx          0x0000000008002d50        0x0
 .v4_bx         0x0000000008002d50        0x0 linker stubs

.iplt           0x0000000008002d50        0x0
 .iplt          0x0000000008002d50        0x0 d:/app/stm32cubeide_1.7.0/stm32cubeide/plugins/com.st.stm32cube.ide.mcu.externaltools.gnu-tools-for-stm32.9-2020-q2-update.win32_2.0.0.202105311346/tools/bin/../lib/gcc/arm-none-eabi/9.3.1/thumb/v7-m/nofp/crtbegin.o

.rodata         0x0000000008002d50       0x24
                0x0000000008002d50                . = ALIGN (0x4)
 *(.rodata)
 *(.rodata*)
 .rodata.AHBPrescTable
                0x0000000008002d50       0x10 ./Core/Src/system_stm32f1xx.o
                0x0000000008002d50                AHBPrescTable
 .rodata.aPLLMULFactorTable.6032
                0x0000000008002d60       0x10 ./Drivers/STM32F1xx_HAL_Driver/Src/stm32f1xx_hal_rcc.o
 .rodata.aPredivFactorTable.6033
                0x0000000008002d70        0x2 ./Drivers/STM32F1xx_HAL_Driver/Src/stm32f1xx_hal_rcc.o
                0x0000000008002d74                . = ALIGN (0x4)
 *fill*         0x0000000008002d72        0x2 

.rel.dyn        0x0000000008002d74        0x0
 .rel.iplt      0x0000000008002d74        0x0 d:/app/stm32cubeide_1.7.0/stm32cubeide/plugins/com.st.stm32cube.ide.mcu.externaltools.gnu-tools-for-stm32.9-2020-q2-update.win32_2.0.0.202105311346/tools/bin/../lib/gcc/arm-none-eabi/9.3.1/thumb/v7-m/nofp/crtbegin.o

.ARM.extab      0x0000000008002d74        0x0
                0x0000000008002d74                . = ALIGN (0x4)
 *(.ARM.extab* .gnu.linkonce.armextab.*)
                0x0000000008002d74                . = ALIGN (0x4)

.ARM            0x0000000008002d74        0x0
                0x0000000008002d74                . = ALIGN (0x4)
                0x0000000008002d74                __exidx_start = .
 *(.ARM.exidx*)
                0x0000000008002d74                __exidx_end = .
                0x0000000008002d74                . = ALIGN (0x4)

.preinit_array  0x0000000008002d74        0x0
                0x0000000008002d74                . = ALIGN (0x4)
                0x0000000008002d74                PROVIDE (__preinit_array_start = .)
 *(.preinit_array*)
                0x0000000008002d74                PROVIDE (__preinit_array_end = .)
                0x0000000008002d74                . = ALIGN (0x4)

.init_array     0x0000000008002d74        0x4
                0x0000000008002d74                . = ALIGN (0x4)
                0x0000000008002d74                PROVIDE (__init_array_start = .)
 *(SORT_BY_NAME(.init_array.*))
 *(.init_array*)
 .init_array    0x0000000008002d74        0x4 d:/app/stm32cubeide_1.7.0/stm32cubeide/plugins/com.st.stm32cube.ide.mcu.externaltools.gnu-tools-for-stm32.9-2020-q2-update.win32_2.0.0.202105311346/tools/bin/../lib/gcc/arm-none-eabi/9.3.1/thumb/v7-m/nofp/crtbegin.o
                0x0000000008002d78                PROVIDE (__init_array_end = .)
                0x0000000008002d78                . = ALIGN (0x4)

.fini_array     0x0000000008002d78        0x4
                0x0000000008002d78                . = ALIGN (0x4)
                [!provide]                        PROVIDE (__fini_array_start = .)
 *(SORT_BY_NAME(.fini_array.*))
 *(.fini_array*)
 .fini_array    0x0000000008002d78        0x4 d:/app/stm32cubeide_1.7.0/stm32cubeide/plugins/com.st.stm32cube.ide.mcu.externaltools.gnu-tools-for-stm32.9-2020-q2-update.win32_2.0.0.202105311346/tools/bin/../lib/gcc/arm-none-eabi/9.3.1/thumb/v7-m/nofp/crtbegin.o
                [!provide]                        PROVIDE (__fini_array_end = .)
                0x0000000008002d7c                . = ALIGN (0x4)
                0x0000000008002d7c                _sidata = LOADADDR (.data)

.data           0x0000000020000000       0xb0 load address 0x0000000008002d7c
                0x0000000020000000                . = ALIGN (0x4)
                0x0000000020000000                _sdata = .
 *(.data)
 *(.data*)
 .data.ports    0x0000000020000000       0x1c ./Core/Src/display7seg.o
                0x0000000020000000                ports
 .data.pins     0x000000002000001c        0xe ./Core/Src/display7seg.o
                0x000000002000001c                pins
 *fill*         0x000000002000002a        0x2 
 .data.main_traffic
                0x000000002000002c        0x8 ./Core/Src/global.o
                0x000000002000002c                main_traffic
 .data.side_traffic
                0x0000000020000034        0x8 ./Core/Src/global.o
                0x0000000020000034                side_traffic
 .data.SystemCoreClock
                0x000000002000003c        0x4 ./Core/Src/system_stm32f1xx.o
                0x000000002000003c                SystemCoreClock
 .data.t_mode_side
                0x0000000020000040        0x1 ./Core/Src/traffic_light.o
                0x0000000020000040                t_mode_side
 *fill*         0x0000000020000041        0x3 
 .data.uwTickPrio
                0x0000000020000044        0x4 ./Drivers/STM32F1xx_HAL_Driver/Src/stm32f1xx_hal.o
                0x0000000020000044                uwTickPrio
 .data.uwTickFreq
                0x0000000020000048        0x1 ./Drivers/STM32F1xx_HAL_Driver/Src/stm32f1xx_hal.o
                0x0000000020000048                uwTickFreq
 *fill*         0x0000000020000049        0x3 
 .data._impure_ptr
                0x000000002000004c        0x4 d:/app/stm32cubeide_1.7.0/stm32cubeide/plugins/com.st.stm32cube.ide.mcu.externaltools.gnu-tools-for-stm32.9-2020-q2-update.win32_2.0.0.202105311346/tools/bin/../lib/gcc/arm-none-eabi/9.3.1/../../../../arm-none-eabi/lib/thumb/v7-m/nofp\libc_nano.a(lib_a-impure.o)
                0x000000002000004c                _impure_ptr
 .data.impure_data
                0x0000000020000050       0x60 d:/app/stm32cubeide_1.7.0/stm32cubeide/plugins/com.st.stm32cube.ide.mcu.externaltools.gnu-tools-for-stm32.9-2020-q2-update.win32_2.0.0.202105311346/tools/bin/../lib/gcc/arm-none-eabi/9.3.1/../../../../arm-none-eabi/lib/thumb/v7-m/nofp\libc_nano.a(lib_a-impure.o)
 *(.RamFunc)
 *(.RamFunc*)
                0x00000000200000b0                . = ALIGN (0x4)
                0x00000000200000b0                _edata = .

.igot.plt       0x00000000200000b0        0x0 load address 0x0000000008002e2c
 .igot.plt      0x00000000200000b0        0x0 d:/app/stm32cubeide_1.7.0/stm32cubeide/plugins/com.st.stm32cube.ide.mcu.externaltools.gnu-tools-for-stm32.9-2020-q2-update.win32_2.0.0.202105311346/tools/bin/../lib/gcc/arm-none-eabi/9.3.1/thumb/v7-m/nofp/crtbegin.o
                0x00000000200000b0                . = ALIGN (0x4)

.bss            0x00000000200000b0      0x410 load address 0x0000000008002e2c
                0x00000000200000b0                _sbss = .
                0x00000000200000b0                __bss_start__ = _sbss
 *(.bss)
 .bss           0x00000000200000b0       0x1c d:/app/stm32cubeide_1.7.0/stm32cubeide/plugins/com.st.stm32cube.ide.mcu.externaltools.gnu-tools-for-stm32.9-2020-q2-update.win32_2.0.0.202105311346/tools/bin/../lib/gcc/arm-none-eabi/9.3.1/thumb/v7-m/nofp/crtbegin.o
 *(.bss*)
 .bss.timer_flag
                0x00000000200000cc        0x8 ./Core/Src/global.o
                0x00000000200000cc                timer_flag
 .bss.led_index
                0x00000000200000d4        0x1 ./Core/Src/global.o
                0x00000000200000d4                led_index
 .bss.m_mode    0x00000000200000d5        0x1 ./Core/Src/global.o
                0x00000000200000d5                m_mode
 .bss.buttonState
                0x00000000200000d6        0x1 ./Core/Src/input_processing.o
                0x00000000200000d6                buttonState
 .bss.test_button
                0x00000000200000d7        0x1 ./Core/Src/input_reading.o
                0x00000000200000d7                test_button
 .bss.buttonBuffer
                0x00000000200000d8        0x3 ./Core/Src/input_reading.o
 *fill*         0x00000000200000db        0x1 
 .bss.debounceButtonBuffer1
                0x00000000200000dc        0x3 ./Core/Src/input_reading.o
 *fill*         0x00000000200000df        0x1 
 .bss.debounceButtonBuffer2
                0x00000000200000e0        0x3 ./Core/Src/input_reading.o
 *fill*         0x00000000200000e3        0x1 
 .bss.counterForButtonHold
                0x00000000200000e4        0x6 ./Core/Src/input_reading.o
 *fill*         0x00000000200000ea        0x2 
 .bss.counterForButtonRelease
                0x00000000200000ec        0x6 ./Core/Src/input_reading.o
 .bss.currentTimerSlotWheel1
                0x00000000200000f2        0x1 ./Core/Src/software_timer.o
                0x00000000200000f2                currentTimerSlotWheel1
 .bss.currentTimerSlotWheel2
                0x00000000200000f3        0x1 ./Core/Src/software_timer.o
                0x00000000200000f3                currentTimerSlotWheel2
 .bss.__sbrk_heap_end
                0x00000000200000f4        0x4 ./Core/Src/sysmem.o
 .bss.t_mode_main
                0x00000000200000f8        0x1 ./Core/Src/traffic_light.o
                0x00000000200000f8                t_mode_main
 *fill*         0x00000000200000f9        0x3 
 .bss.__malloc_free_list
                0x00000000200000fc        0x4 d:/app/stm32cubeide_1.7.0/stm32cubeide/plugins/com.st.stm32cube.ide.mcu.externaltools.gnu-tools-for-stm32.9-2020-q2-update.win32_2.0.0.202105311346/tools/bin/../lib/gcc/arm-none-eabi/9.3.1/../../../../arm-none-eabi/lib/thumb/v7-m/nofp\libc_nano.a(lib_a-nano-mallocr.o)
                0x00000000200000fc                __malloc_free_list
 .bss.__malloc_sbrk_start
                0x0000000020000100        0x4 d:/app/stm32cubeide_1.7.0/stm32cubeide/plugins/com.st.stm32cube.ide.mcu.externaltools.gnu-tools-for-stm32.9-2020-q2-update.win32_2.0.0.202105311346/tools/bin/../lib/gcc/arm-none-eabi/9.3.1/../../../../arm-none-eabi/lib/thumb/v7-m/nofp\libc_nano.a(lib_a-nano-mallocr.o)
                0x0000000020000100                __malloc_sbrk_start
 *(COMMON)
 COMMON         0x0000000020000104      0x35f ./Core/Src/display7seg.o
                0x0000000020000104                flagForButtonDoubleTap
                0x0000000020000108                timerWheel1
                0x0000000020000298                led_buffer
                0x000000002000029c                timerWheel2
                0x0000000020000428                flagForButtonHold
                0x000000002000042c                counter
                0x0000000020000430                flagForButtonPress
                0x0000000020000434                pin
                0x0000000020000444                port
                0x0000000020000460                flagForButtonTapHold
 *fill*         0x0000000020000463        0x1 
 COMMON         0x0000000020000464       0x48 ./Core/Src/main.o
                0x0000000020000464                htim2
 COMMON         0x00000000200004ac        0x4 ./Drivers/STM32F1xx_HAL_Driver/Src/stm32f1xx_hal.o
                0x00000000200004ac                uwTick
 COMMON         0x00000000200004b0        0x4 d:/app/stm32cubeide_1.7.0/stm32cubeide/plugins/com.st.stm32cube.ide.mcu.externaltools.gnu-tools-for-stm32.9-2020-q2-update.win32_2.0.0.202105311346/tools/bin/../lib/gcc/arm-none-eabi/9.3.1/../../../../arm-none-eabi/lib/thumb/v7-m/nofp\libc_nano.a(lib_a-reent.o)
                0x00000000200004b0                errno
 COMMON         0x00000000200004b4        0x9 d:/app/stm32cubeide_1.7.0/stm32cubeide/plugins/com.st.stm32cube.ide.mcu.externaltools.gnu-tools-for-stm32.9-2020-q2-update.win32_2.0.0.202105311346/tools/bin/../lib/gcc/arm-none-eabi/9.3.1/../../../../arm-none-eabi/lib/thumb/v7-m/nofp\libc_nano.a(lib_a-lock.o)
                0x00000000200004b4                __lock___atexit_recursive_mutex
                0x00000000200004b5                __lock___arc4random_mutex
                0x00000000200004b6                __lock___env_recursive_mutex
                0x00000000200004b7                __lock___sinit_recursive_mutex
                0x00000000200004b8                __lock___malloc_recursive_mutex
                0x00000000200004b9                __lock___at_quick_exit_mutex
                0x00000000200004ba                __lock___dd_hash_mutex
                0x00000000200004bb                __lock___tz_mutex
                0x00000000200004bc                __lock___sfp_recursive_mutex
                0x00000000200004c0                . = ALIGN (0x4)
 *fill*         0x00000000200004bd        0x3 
                0x00000000200004c0                _ebss = .
                0x00000000200004c0                __bss_end__ = _ebss

._user_heap_stack
                0x00000000200004c0      0x600 load address 0x0000000008002e2c
                0x00000000200004c0                . = ALIGN (0x8)
                [!provide]                        PROVIDE (end = .)
                0x00000000200004c0                PROVIDE (_end = .)
                0x00000000200006c0                . = (. + _Min_Heap_Size)
 *fill*         0x00000000200004c0      0x200 
                0x0000000020000ac0                . = (. + _Min_Stack_Size)
 *fill*         0x00000000200006c0      0x400 
                0x0000000020000ac0                . = ALIGN (0x8)

/DISCARD/
 libc.a(*)
 libm.a(*)
 libgcc.a(*)

.ARM.attributes
                0x0000000000000000       0x29
 *(.ARM.attributes)
 .ARM.attributes
                0x0000000000000000       0x1d d:/app/stm32cubeide_1.7.0/stm32cubeide/plugins/com.st.stm32cube.ide.mcu.externaltools.gnu-tools-for-stm32.9-2020-q2-update.win32_2.0.0.202105311346/tools/bin/../lib/gcc/arm-none-eabi/9.3.1/thumb/v7-m/nofp/crti.o
 .ARM.attributes
                0x000000000000001d       0x2d d:/app/stm32cubeide_1.7.0/stm32cubeide/plugins/com.st.stm32cube.ide.mcu.externaltools.gnu-tools-for-stm32.9-2020-q2-update.win32_2.0.0.202105311346/tools/bin/../lib/gcc/arm-none-eabi/9.3.1/thumb/v7-m/nofp/crtbegin.o
 .ARM.attributes
                0x000000000000004a       0x2d ./Core/Src/display7seg.o
 .ARM.attributes
                0x0000000000000077       0x2d ./Core/Src/fsm_run.o
 .ARM.attributes
                0x00000000000000a4       0x33 ./Core/Src/global.o
 .ARM.attributes
                0x00000000000000d7       0x2d ./Core/Src/input_processing.o
 .ARM.attributes
                0x0000000000000104       0x2d ./Core/Src/input_reading.o
 .ARM.attributes
                0x0000000000000131       0x2d ./Core/Src/main.o
 .ARM.attributes
                0x000000000000015e       0x2d ./Core/Src/software_timer.o
 .ARM.attributes
                0x000000000000018b       0x2d ./Core/Src/stm32f1xx_hal_msp.o
 .ARM.attributes
                0x00000000000001b8       0x2d ./Core/Src/stm32f1xx_it.o
 .ARM.attributes
                0x00000000000001e5       0x2d ./Core/Src/sysmem.o
 .ARM.attributes
                0x0000000000000212       0x2d ./Core/Src/system_stm32f1xx.o
 .ARM.attributes
                0x000000000000023f       0x2d ./Core/Src/traffic_light.o
 .ARM.attributes
                0x000000000000026c       0x21 ./Core/Startup/startup_stm32f103c6tx.o
 .ARM.attributes
                0x000000000000028d       0x2d ./Drivers/STM32F1xx_HAL_Driver/Src/stm32f1xx_hal.o
 .ARM.attributes
                0x00000000000002ba       0x2d ./Drivers/STM32F1xx_HAL_Driver/Src/stm32f1xx_hal_cortex.o
 .ARM.attributes
                0x00000000000002e7       0x2d ./Drivers/STM32F1xx_HAL_Driver/Src/stm32f1xx_hal_gpio.o
 .ARM.attributes
                0x0000000000000314       0x2d ./Drivers/STM32F1xx_HAL_Driver/Src/stm32f1xx_hal_rcc.o
 .ARM.attributes
                0x0000000000000341       0x2d ./Drivers/STM32F1xx_HAL_Driver/Src/stm32f1xx_hal_tim.o
 .ARM.attributes
                0x000000000000036e       0x2d ./Drivers/STM32F1xx_HAL_Driver/Src/stm32f1xx_hal_tim_ex.o
 .ARM.attributes
                0x000000000000039b       0x2d d:/app/stm32cubeide_1.7.0/stm32cubeide/plugins/com.st.stm32cube.ide.mcu.externaltools.gnu-tools-for-stm32.9-2020-q2-update.win32_2.0.0.202105311346/tools/bin/../lib/gcc/arm-none-eabi/9.3.1/../../../../arm-none-eabi/lib/thumb/v7-m/nofp\libc_nano.a(lib_a-errno.o)
 .ARM.attributes
                0x00000000000003c8       0x2d d:/app/stm32cubeide_1.7.0/stm32cubeide/plugins/com.st.stm32cube.ide.mcu.externaltools.gnu-tools-for-stm32.9-2020-q2-update.win32_2.0.0.202105311346/tools/bin/../lib/gcc/arm-none-eabi/9.3.1/../../../../arm-none-eabi/lib/thumb/v7-m/nofp\libc_nano.a(lib_a-impure.o)
 .ARM.attributes
                0x00000000000003f5       0x2d d:/app/stm32cubeide_1.7.0/stm32cubeide/plugins/com.st.stm32cube.ide.mcu.externaltools.gnu-tools-for-stm32.9-2020-q2-update.win32_2.0.0.202105311346/tools/bin/../lib/gcc/arm-none-eabi/9.3.1/../../../../arm-none-eabi/lib/thumb/v7-m/nofp\libc_nano.a(lib_a-init.o)
 .ARM.attributes
                0x0000000000000422       0x2d d:/app/stm32cubeide_1.7.0/stm32cubeide/plugins/com.st.stm32cube.ide.mcu.externaltools.gnu-tools-for-stm32.9-2020-q2-update.win32_2.0.0.202105311346/tools/bin/../lib/gcc/arm-none-eabi/9.3.1/../../../../arm-none-eabi/lib/thumb/v7-m/nofp\libc_nano.a(lib_a-malloc.o)
 .ARM.attributes
                0x000000000000044f       0x2d d:/app/stm32cubeide_1.7.0/stm32cubeide/plugins/com.st.stm32cube.ide.mcu.externaltools.gnu-tools-for-stm32.9-2020-q2-update.win32_2.0.0.202105311346/tools/bin/../lib/gcc/arm-none-eabi/9.3.1/../../../../arm-none-eabi/lib/thumb/v7-m/nofp\libc_nano.a(lib_a-memset.o)
 .ARM.attributes
                0x000000000000047c       0x2d d:/app/stm32cubeide_1.7.0/stm32cubeide/plugins/com.st.stm32cube.ide.mcu.externaltools.gnu-tools-for-stm32.9-2020-q2-update.win32_2.0.0.202105311346/tools/bin/../lib/gcc/arm-none-eabi/9.3.1/../../../../arm-none-eabi/lib/thumb/v7-m/nofp\libc_nano.a(lib_a-nano-freer.o)
 .ARM.attributes
                0x00000000000004a9       0x2d d:/app/stm32cubeide_1.7.0/stm32cubeide/plugins/com.st.stm32cube.ide.mcu.externaltools.gnu-tools-for-stm32.9-2020-q2-update.win32_2.0.0.202105311346/tools/bin/../lib/gcc/arm-none-eabi/9.3.1/../../../../arm-none-eabi/lib/thumb/v7-m/nofp\libc_nano.a(lib_a-nano-mallocr.o)
 .ARM.attributes
                0x00000000000004d6       0x2d d:/app/stm32cubeide_1.7.0/stm32cubeide/plugins/com.st.stm32cube.ide.mcu.externaltools.gnu-tools-for-stm32.9-2020-q2-update.win32_2.0.0.202105311346/tools/bin/../lib/gcc/arm-none-eabi/9.3.1/../../../../arm-none-eabi/lib/thumb/v7-m/nofp\libc_nano.a(lib_a-sbrkr.o)
 .ARM.attributes
                0x0000000000000503       0x2d d:/app/stm32cubeide_1.7.0/stm32cubeide/plugins/com.st.stm32cube.ide.mcu.externaltools.gnu-tools-for-stm32.9-2020-q2-update.win32_2.0.0.202105311346/tools/bin/../lib/gcc/arm-none-eabi/9.3.1/../../../../arm-none-eabi/lib/thumb/v7-m/nofp\libc_nano.a(lib_a-mlock.o)
 .ARM.attributes
                0x0000000000000530       0x2d d:/app/stm32cubeide_1.7.0/stm32cubeide/plugins/com.st.stm32cube.ide.mcu.externaltools.gnu-tools-for-stm32.9-2020-q2-update.win32_2.0.0.202105311346/tools/bin/../lib/gcc/arm-none-eabi/9.3.1/../../../../arm-none-eabi/lib/thumb/v7-m/nofp\libc_nano.a(lib_a-reent.o)
 .ARM.attributes
                0x000000000000055d       0x2d d:/app/stm32cubeide_1.7.0/stm32cubeide/plugins/com.st.stm32cube.ide.mcu.externaltools.gnu-tools-for-stm32.9-2020-q2-update.win32_2.0.0.202105311346/tools/bin/../lib/gcc/arm-none-eabi/9.3.1/../../../../arm-none-eabi/lib/thumb/v7-m/nofp\libc_nano.a(lib_a-lock.o)
 .ARM.attributes
                0x000000000000058a       0x1d d:/app/stm32cubeide_1.7.0/stm32cubeide/plugins/com.st.stm32cube.ide.mcu.externaltools.gnu-tools-for-stm32.9-2020-q2-update.win32_2.0.0.202105311346/tools/bin/../lib/gcc/arm-none-eabi/9.3.1/thumb/v7-m/nofp/crtn.o
OUTPUT(STM32_lab3.elf elf32-littlearm)
LOAD linker stubs
LOAD d:/app/stm32cubeide_1.7.0/stm32cubeide/plugins/com.st.stm32cube.ide.mcu.externaltools.gnu-tools-for-stm32.9-2020-q2-update.win32_2.0.0.202105311346/tools/bin/../lib/gcc/arm-none-eabi/9.3.1/../../../../arm-none-eabi/lib/thumb/v7-m/nofp\libc.a
LOAD d:/app/stm32cubeide_1.7.0/stm32cubeide/plugins/com.st.stm32cube.ide.mcu.externaltools.gnu-tools-for-stm32.9-2020-q2-update.win32_2.0.0.202105311346/tools/bin/../lib/gcc/arm-none-eabi/9.3.1/../../../../arm-none-eabi/lib/thumb/v7-m/nofp\libm.a
LOAD d:/app/stm32cubeide_1.7.0/stm32cubeide/plugins/com.st.stm32cube.ide.mcu.externaltools.gnu-tools-for-stm32.9-2020-q2-update.win32_2.0.0.202105311346/tools/bin/../lib/gcc/arm-none-eabi/9.3.1/thumb/v7-m/nofp\libgcc.a

.debug_info     0x0000000000000000     0xbf46
 .debug_info    0x0000000000000000      0x5b2 ./Core/Src/display7seg.o
 .debug_info    0x00000000000005b2      0x56c ./Core/Src/fsm_run.o
 .debug_info    0x0000000000000b1e      0x362 ./Core/Src/global.o
 .debug_info    0x0000000000000e80      0x1c9 ./Core/Src/input_processing.o
 .debug_info    0x0000000000001049      0x507 ./Core/Src/input_reading.o
 .debug_info    0x0000000000001550      0xd94 ./Core/Src/main.o
 .debug_info    0x00000000000022e4     0x133d ./Core/Src/software_timer.o
 .debug_info    0x0000000000003621      0xa09 ./Core/Src/stm32f1xx_hal_msp.o
 .debug_info    0x000000000000402a      0x7b9 ./Core/Src/stm32f1xx_it.o
 .debug_info    0x00000000000047e3      0xa25 ./Core/Src/sysmem.o
 .debug_info    0x0000000000005208      0x2be ./Core/Src/system_stm32f1xx.o
 .debug_info    0x00000000000054c6      0x60f ./Core/Src/traffic_light.o
 .debug_info    0x0000000000005ad5       0x22 ./Core/Startup/startup_stm32f103c6tx.o
 .debug_info    0x0000000000005af7      0x74c ./Drivers/STM32F1xx_HAL_Driver/Src/stm32f1xx_hal.o
 .debug_info    0x0000000000006243      0xbbe ./Drivers/STM32F1xx_HAL_Driver/Src/stm32f1xx_hal_cortex.o
 .debug_info    0x0000000000006e01      0x701 ./Drivers/STM32F1xx_HAL_Driver/Src/stm32f1xx_hal_gpio.o
 .debug_info    0x0000000000007502      0x893 ./Drivers/STM32F1xx_HAL_Driver/Src/stm32f1xx_hal_rcc.o
 .debug_info    0x0000000000007d95     0x2c32 ./Drivers/STM32F1xx_HAL_Driver/Src/stm32f1xx_hal_tim.o
 .debug_info    0x000000000000a9c7     0x157f ./Drivers/STM32F1xx_HAL_Driver/Src/stm32f1xx_hal_tim_ex.o

.debug_abbrev   0x0000000000000000     0x21e7
 .debug_abbrev  0x0000000000000000      0x1d5 ./Core/Src/display7seg.o
 .debug_abbrev  0x00000000000001d5      0x189 ./Core/Src/fsm_run.o
 .debug_abbrev  0x000000000000035e       0xf5 ./Core/Src/global.o
 .debug_abbrev  0x0000000000000453       0xe0 ./Core/Src/input_processing.o
 .debug_abbrev  0x0000000000000533      0x1b7 ./Core/Src/input_reading.o
 .debug_abbrev  0x00000000000006ea      0x24d ./Core/Src/main.o
 .debug_abbrev  0x0000000000000937      0x2a9 ./Core/Src/software_timer.o
 .debug_abbrev  0x0000000000000be0      0x1b7 ./Core/Src/stm32f1xx_hal_msp.o
 .debug_abbrev  0x0000000000000d97      0x176 ./Core/Src/stm32f1xx_it.o
 .debug_abbrev  0x0000000000000f0d      0x1bf ./Core/Src/sysmem.o
 .debug_abbrev  0x00000000000010cc      0x14e ./Core/Src/system_stm32f1xx.o
 .debug_abbrev  0x000000000000121a      0x19c ./Core/Src/traffic_light.o
 .debug_abbrev  0x00000000000013b6       0x12 ./Core/Startup/startup_stm32f103c6tx.o
 .debug_abbrev  0x00000000000013c8      0x1ed ./Drivers/STM32F1xx_HAL_Driver/Src/stm32f1xx_hal.o
 .debug_abbrev  0x00000000000015b5      0x313 ./Drivers/STM32F1xx_HAL_Driver/Src/stm32f1xx_hal_cortex.o
 .debug_abbrev  0x00000000000018c8      0x1e8 ./Drivers/STM32F1xx_HAL_Driver/Src/stm32f1xx_hal_gpio.o
 .debug_abbrev  0x0000000000001ab0      0x273 ./Drivers/STM32F1xx_HAL_Driver/Src/stm32f1xx_hal_rcc.o
 .debug_abbrev  0x0000000000001d23      0x25e ./Drivers/STM32F1xx_HAL_Driver/Src/stm32f1xx_hal_tim.o
 .debug_abbrev  0x0000000000001f81      0x266 ./Drivers/STM32F1xx_HAL_Driver/Src/stm32f1xx_hal_tim_ex.o

.debug_aranges  0x0000000000000000      0xaa0
 .debug_aranges
                0x0000000000000000       0x40 ./Core/Src/display7seg.o
 .debug_aranges
                0x0000000000000040       0x20 ./Core/Src/fsm_run.o
 .debug_aranges
                0x0000000000000060       0x18 ./Core/Src/global.o
 .debug_aranges
                0x0000000000000078       0x20 ./Core/Src/input_processing.o
 .debug_aranges
                0x0000000000000098       0x50 ./Core/Src/input_reading.o
 .debug_aranges
                0x00000000000000e8       0x40 ./Core/Src/main.o
 .debug_aranges
                0x0000000000000128       0x38 ./Core/Src/software_timer.o
 .debug_aranges
                0x0000000000000160       0x30 ./Core/Src/stm32f1xx_hal_msp.o
 .debug_aranges
                0x0000000000000190       0x68 ./Core/Src/stm32f1xx_it.o
 .debug_aranges
                0x00000000000001f8       0x20 ./Core/Src/sysmem.o
 .debug_aranges
                0x0000000000000218       0x28 ./Core/Src/system_stm32f1xx.o
 .debug_aranges
                0x0000000000000240       0x38 ./Core/Src/traffic_light.o
 .debug_aranges
                0x0000000000000278       0x28 ./Core/Startup/startup_stm32f103c6tx.o
 .debug_aranges
                0x00000000000002a0       0xe0 ./Drivers/STM32F1xx_HAL_Driver/Src/stm32f1xx_hal.o
 .debug_aranges
                0x0000000000000380      0x100 ./Drivers/STM32F1xx_HAL_Driver/Src/stm32f1xx_hal_cortex.o
 .debug_aranges
                0x0000000000000480       0x58 ./Drivers/STM32F1xx_HAL_Driver/Src/stm32f1xx_hal_gpio.o
 .debug_aranges
                0x00000000000004d8       0x90 ./Drivers/STM32F1xx_HAL_Driver/Src/stm32f1xx_hal_rcc.o
 .debug_aranges
                0x0000000000000568      0x3d0 ./Drivers/STM32F1xx_HAL_Driver/Src/stm32f1xx_hal_tim.o
 .debug_aranges
                0x0000000000000938      0x168 ./Drivers/STM32F1xx_HAL_Driver/Src/stm32f1xx_hal_tim_ex.o

.debug_ranges   0x0000000000000000      0x9a0
 .debug_ranges  0x0000000000000000       0x30 ./Core/Src/display7seg.o
 .debug_ranges  0x0000000000000030       0x10 ./Core/Src/fsm_run.o
 .debug_ranges  0x0000000000000040       0x10 ./Core/Src/input_processing.o
 .debug_ranges  0x0000000000000050       0x40 ./Core/Src/input_reading.o
 .debug_ranges  0x0000000000000090       0x30 ./Core/Src/main.o
 .debug_ranges  0x00000000000000c0       0x58 ./Core/Src/software_timer.o
 .debug_ranges  0x0000000000000118       0x20 ./Core/Src/stm32f1xx_hal_msp.o
 .debug_ranges  0x0000000000000138       0x58 ./Core/Src/stm32f1xx_it.o
 .debug_ranges  0x0000000000000190       0x10 ./Core/Src/sysmem.o
 .debug_ranges  0x00000000000001a0       0x18 ./Core/Src/system_stm32f1xx.o
 .debug_ranges  0x00000000000001b8       0x28 ./Core/Src/traffic_light.o
 .debug_ranges  0x00000000000001e0       0x20 ./Core/Startup/startup_stm32f103c6tx.o
 .debug_ranges  0x0000000000000200       0xd0 ./Drivers/STM32F1xx_HAL_Driver/Src/stm32f1xx_hal.o
 .debug_ranges  0x00000000000002d0       0xf0 ./Drivers/STM32F1xx_HAL_Driver/Src/stm32f1xx_hal_cortex.o
 .debug_ranges  0x00000000000003c0       0x48 ./Drivers/STM32F1xx_HAL_Driver/Src/stm32f1xx_hal_gpio.o
 .debug_ranges  0x0000000000000408       0x80 ./Drivers/STM32F1xx_HAL_Driver/Src/stm32f1xx_hal_rcc.o
 .debug_ranges  0x0000000000000488      0x3c0 ./Drivers/STM32F1xx_HAL_Driver/Src/stm32f1xx_hal_tim.o
 .debug_ranges  0x0000000000000848      0x158 ./Drivers/STM32F1xx_HAL_Driver/Src/stm32f1xx_hal_tim_ex.o

.debug_macro    0x0000000000000000    0x17b73
 .debug_macro   0x0000000000000000      0x1ca ./Core/Src/display7seg.o
 .debug_macro   0x00000000000001ca      0xa9c ./Core/Src/display7seg.o
 .debug_macro   0x0000000000000c66      0x215 ./Core/Src/display7seg.o
 .debug_macro   0x0000000000000e7b       0x2e ./Core/Src/display7seg.o
 .debug_macro   0x0000000000000ea9       0x22 ./Core/Src/display7seg.o
 .debug_macro   0x0000000000000ecb       0x22 ./Core/Src/display7seg.o
 .debug_macro   0x0000000000000eed       0x8e ./Core/Src/display7seg.o
 .debug_macro   0x0000000000000f7b       0x51 ./Core/Src/display7seg.o
 .debug_macro   0x0000000000000fcc      0x103 ./Core/Src/display7seg.o
 .debug_macro   0x00000000000010cf       0x6a ./Core/Src/display7seg.o
 .debug_macro   0x0000000000001139      0x1df ./Core/Src/display7seg.o
 .debug_macro   0x0000000000001318       0x1c ./Core/Src/display7seg.o
 .debug_macro   0x0000000000001334       0x22 ./Core/Src/display7seg.o
 .debug_macro   0x0000000000001356       0xc3 ./Core/Src/display7seg.o
 .debug_macro   0x0000000000001419      0xd23 ./Core/Src/display7seg.o
 .debug_macro   0x000000000000213c     0xde75 ./Core/Src/display7seg.o
 .debug_macro   0x000000000000ffb1       0x6d ./Core/Src/display7seg.o
 .debug_macro   0x000000000001001e     0x34a2 ./Core/Src/display7seg.o
 .debug_macro   0x00000000000134c0      0x174 ./Core/Src/display7seg.o
 .debug_macro   0x0000000000013634       0x5c ./Core/Src/display7seg.o
 .debug_macro   0x0000000000013690      0x5bc ./Core/Src/display7seg.o
 .debug_macro   0x0000000000013c4c      0x1b7 ./Core/Src/display7seg.o
 .debug_macro   0x0000000000013e03      0x1cb ./Core/Src/display7seg.o
 .debug_macro   0x0000000000013fce      0x114 ./Core/Src/display7seg.o
 .debug_macro   0x00000000000140e2      0x1b2 ./Core/Src/display7seg.o
 .debug_macro   0x0000000000014294       0x27 ./Core/Src/display7seg.o
 .debug_macro   0x00000000000142bb      0x12f ./Core/Src/display7seg.o
 .debug_macro   0x00000000000143ea      0x1bc ./Core/Src/display7seg.o
 .debug_macro   0x00000000000145a6       0x34 ./Core/Src/display7seg.o
 .debug_macro   0x00000000000145da       0x3c ./Core/Src/display7seg.o
 .debug_macro   0x0000000000014616       0x57 ./Core/Src/display7seg.o
 .debug_macro   0x000000000001466d       0x87 ./Core/Src/display7seg.o
 .debug_macro   0x00000000000146f4      0x183 ./Core/Src/display7seg.o
 .debug_macro   0x0000000000014877      0x140 ./Core/Src/display7seg.o
 .debug_macro   0x00000000000149b7      0x8ed ./Core/Src/display7seg.o
 .debug_macro   0x00000000000152a4       0x69 ./Core/Src/display7seg.o
 .debug_macro   0x000000000001530d      0x10c ./Core/Src/display7seg.o
 .debug_macro   0x0000000000015419       0x22 ./Core/Src/display7seg.o
 .debug_macro   0x000000000001543b       0x1c ./Core/Src/display7seg.o
 .debug_macro   0x0000000000015457      0x1de ./Core/Src/fsm_run.o
 .debug_macro   0x0000000000015635      0x1af ./Core/Src/global.o
 .debug_macro   0x00000000000157e4      0x1b4 ./Core/Src/input_processing.o
 .debug_macro   0x0000000000015998      0x1db ./Core/Src/input_reading.o
 .debug_macro   0x0000000000015b73      0x1ee ./Core/Src/main.o
 .debug_macro   0x0000000000015d61       0x16 ./Core/Src/main.o
 .debug_macro   0x0000000000015d77      0x292 ./Core/Src/software_timer.o
 .debug_macro   0x0000000000016009       0x18 ./Core/Src/software_timer.o
 .debug_macro   0x0000000000016021       0x52 ./Core/Src/software_timer.o
 .debug_macro   0x0000000000016073       0x3c ./Core/Src/software_timer.o
 .debug_macro   0x00000000000160af       0x34 ./Core/Src/software_timer.o
 .debug_macro   0x00000000000160e3       0x16 ./Core/Src/software_timer.o
 .debug_macro   0x00000000000160f9       0x35 ./Core/Src/software_timer.o
 .debug_macro   0x000000000001612e       0x16 ./Core/Src/software_timer.o
 .debug_macro   0x0000000000016144       0x43 ./Core/Src/software_timer.o
 .debug_macro   0x0000000000016187       0x34 ./Core/Src/software_timer.o
 .debug_macro   0x00000000000161bb       0x10 ./Core/Src/software_timer.o
 .debug_macro   0x00000000000161cb       0x58 ./Core/Src/software_timer.o
 .debug_macro   0x0000000000016223       0x71 ./Core/Src/software_timer.o
 .debug_macro   0x0000000000016294       0x1c ./Core/Src/software_timer.o
 .debug_macro   0x00000000000162b0      0x12a ./Core/Src/software_timer.o
 .debug_macro   0x00000000000163da      0x333 ./Core/Src/software_timer.o
 .debug_macro   0x000000000001670d       0x16 ./Core/Src/software_timer.o
 .debug_macro   0x0000000000016723       0x29 ./Core/Src/software_timer.o
 .debug_macro   0x000000000001674c      0x1a6 ./Core/Src/stm32f1xx_hal_msp.o
 .debug_macro   0x00000000000168f2      0x1b0 ./Core/Src/stm32f1xx_it.o
 .debug_macro   0x0000000000016aa2       0xff ./Core/Src/sysmem.o
 .debug_macro   0x0000000000016ba1      0x23b ./Core/Src/sysmem.o
 .debug_macro   0x0000000000016ddc      0x197 ./Core/Src/system_stm32f1xx.o
 .debug_macro   0x0000000000016f73      0x1d4 ./Core/Src/traffic_light.o
 .debug_macro   0x0000000000017147      0x1bb ./Drivers/STM32F1xx_HAL_Driver/Src/stm32f1xx_hal.o
 .debug_macro   0x0000000000017302      0x197 ./Drivers/STM32F1xx_HAL_Driver/Src/stm32f1xx_hal_cortex.o
 .debug_macro   0x0000000000017499      0x202 ./Drivers/STM32F1xx_HAL_Driver/Src/stm32f1xx_hal_gpio.o
 .debug_macro   0x000000000001769b      0x1a9 ./Drivers/STM32F1xx_HAL_Driver/Src/stm32f1xx_hal_rcc.o
 .debug_macro   0x0000000000017844      0x198 ./Drivers/STM32F1xx_HAL_Driver/Src/stm32f1xx_hal_tim.o
 .debug_macro   0x00000000000179dc      0x197 ./Drivers/STM32F1xx_HAL_Driver/Src/stm32f1xx_hal_tim_ex.o

.debug_line     0x0000000000000000     0xcd4a
 .debug_line    0x0000000000000000      0x7f7 ./Core/Src/display7seg.o
 .debug_line    0x00000000000007f7      0x6de ./Core/Src/fsm_run.o
 .debug_line    0x0000000000000ed5      0x651 ./Core/Src/global.o
 .debug_line    0x0000000000001526      0x6b7 ./Core/Src/input_processing.o
 .debug_line    0x0000000000001bdd      0x849 ./Core/Src/input_reading.o
 .debug_line    0x0000000000002426      0x7ea ./Core/Src/main.o
 .debug_line    0x0000000000002c10      0x90b ./Core/Src/software_timer.o
 .debug_line    0x000000000000351b      0x6a5 ./Core/Src/stm32f1xx_hal_msp.o
 .debug_line    0x0000000000003bc0      0x743 ./Core/Src/stm32f1xx_it.o
 .debug_line    0x0000000000004303      0x4fd ./Core/Src/sysmem.o
 .debug_line    0x0000000000004800      0x6e7 ./Core/Src/system_stm32f1xx.o
 .debug_line    0x0000000000004ee7      0x787 ./Core/Src/traffic_light.o
 .debug_line    0x000000000000566e       0x86 ./Core/Startup/startup_stm32f103c6tx.o
 .debug_line    0x00000000000056f4      0x914 ./Drivers/STM32F1xx_HAL_Driver/Src/stm32f1xx_hal.o
 .debug_line    0x0000000000006008      0xafc ./Drivers/STM32F1xx_HAL_Driver/Src/stm32f1xx_hal_cortex.o
 .debug_line    0x0000000000006b04      0x997 ./Drivers/STM32F1xx_HAL_Driver/Src/stm32f1xx_hal_gpio.o
 .debug_line    0x000000000000749b      0xd20 ./Drivers/STM32F1xx_HAL_Driver/Src/stm32f1xx_hal_rcc.o
 .debug_line    0x00000000000081bb     0x3365 ./Drivers/STM32F1xx_HAL_Driver/Src/stm32f1xx_hal_tim.o
 .debug_line    0x000000000000b520     0x182a ./Drivers/STM32F1xx_HAL_Driver/Src/stm32f1xx_hal_tim_ex.o

.debug_str      0x0000000000000000    0x85de1
 .debug_str     0x0000000000000000    0x7fa30 ./Core/Src/display7seg.o
                                      0x7fd9c (size before relaxing)
 .debug_str     0x000000000007fa30       0x76 ./Core/Src/fsm_run.o
                                      0x7fda0 (size before relaxing)
 .debug_str     0x000000000007faa6       0x15 ./Core/Src/global.o
                                      0x7fc61 (size before relaxing)
 .debug_str     0x000000000007fabb       0xa7 ./Core/Src/input_processing.o
                                      0x7fb8a (size before relaxing)
 .debug_str     0x000000000007fb62      0x181 ./Core/Src/input_reading.o
                                      0x7fdb4 (size before relaxing)
 .debug_str     0x000000000007fce3      0x6d0 ./Core/Src/main.o
                                      0x80499 (size before relaxing)
 .debug_str     0x00000000000803b3     0x3285 ./Core/Src/software_timer.o
                                      0x83466 (size before relaxing)
 .debug_str     0x0000000000083638      0x2ba ./Core/Src/stm32f1xx_hal_msp.o
                                      0x80308 (size before relaxing)
 .debug_str     0x00000000000838f2       0xcd ./Core/Src/stm32f1xx_it.o
                                      0x8006a (size before relaxing)
 .debug_str     0x00000000000839bf      0x4e9 ./Core/Src/sysmem.o
                                       0x6282 (size before relaxing)
 .debug_str     0x0000000000083ea8       0x52 ./Core/Src/system_stm32f1xx.o
                                      0x7f7a2 (size before relaxing)
 .debug_str     0x0000000000083efa       0x4a ./Core/Src/traffic_light.o
                                      0x7fda8 (size before relaxing)
 .debug_str     0x0000000000083f44       0x6d ./Core/Startup/startup_stm32f103c6tx.o
 .debug_str     0x0000000000083fb1      0x304 ./Drivers/STM32F1xx_HAL_Driver/Src/stm32f1xx_hal.o
                                      0x7fdf9 (size before relaxing)
 .debug_str     0x00000000000842b5      0x300 ./Drivers/STM32F1xx_HAL_Driver/Src/stm32f1xx_hal_cortex.o
                                      0x7fe01 (size before relaxing)
 .debug_str     0x00000000000845b5      0x311 ./Drivers/STM32F1xx_HAL_Driver/Src/stm32f1xx_hal_gpio.o
                                      0x7fb66 (size before relaxing)
 .debug_str     0x00000000000848c6      0x24f ./Drivers/STM32F1xx_HAL_Driver/Src/stm32f1xx_hal_rcc.o
                                      0x7fb9f (size before relaxing)
 .debug_str     0x0000000000084b15      0xdde ./Drivers/STM32F1xx_HAL_Driver/Src/stm32f1xx_hal_tim.o
                                      0x80b88 (size before relaxing)
 .debug_str     0x00000000000858f3      0x4ee ./Drivers/STM32F1xx_HAL_Driver/Src/stm32f1xx_hal_tim_ex.o
                                      0x80329 (size before relaxing)

.comment        0x0000000000000000       0x53
 .comment       0x0000000000000000       0x53 ./Core/Src/display7seg.o
                                         0x54 (size before relaxing)
 .comment       0x0000000000000053       0x54 ./Core/Src/fsm_run.o
 .comment       0x0000000000000053       0x54 ./Core/Src/global.o
 .comment       0x0000000000000053       0x54 ./Core/Src/input_processing.o
 .comment       0x0000000000000053       0x54 ./Core/Src/input_reading.o
 .comment       0x0000000000000053       0x54 ./Core/Src/main.o
 .comment       0x0000000000000053       0x54 ./Core/Src/software_timer.o
 .comment       0x0000000000000053       0x54 ./Core/Src/stm32f1xx_hal_msp.o
 .comment       0x0000000000000053       0x54 ./Core/Src/stm32f1xx_it.o
 .comment       0x0000000000000053       0x54 ./Core/Src/sysmem.o
 .comment       0x0000000000000053       0x54 ./Core/Src/system_stm32f1xx.o
 .comment       0x0000000000000053       0x54 ./Core/Src/traffic_light.o
 .comment       0x0000000000000053       0x54 ./Drivers/STM32F1xx_HAL_Driver/Src/stm32f1xx_hal.o
 .comment       0x0000000000000053       0x54 ./Drivers/STM32F1xx_HAL_Driver/Src/stm32f1xx_hal_cortex.o
 .comment       0x0000000000000053       0x54 ./Drivers/STM32F1xx_HAL_Driver/Src/stm32f1xx_hal_gpio.o
 .comment       0x0000000000000053       0x54 ./Drivers/STM32F1xx_HAL_Driver/Src/stm32f1xx_hal_rcc.o
 .comment       0x0000000000000053       0x54 ./Drivers/STM32F1xx_HAL_Driver/Src/stm32f1xx_hal_tim.o
 .comment       0x0000000000000053       0x54 ./Drivers/STM32F1xx_HAL_Driver/Src/stm32f1xx_hal_tim_ex.o

.debug_frame    0x0000000000000000     0x2b58
 .debug_frame   0x0000000000000000       0xb4 ./Core/Src/display7seg.o
 .debug_frame   0x00000000000000b4       0x34 ./Core/Src/fsm_run.o
 .debug_frame   0x00000000000000e8       0x2c ./Core/Src/input_processing.o
 .debug_frame   0x0000000000000114      0x118 ./Core/Src/input_reading.o
 .debug_frame   0x000000000000022c       0xb0 ./Core/Src/main.o
 .debug_frame   0x00000000000002dc       0x98 ./Core/Src/software_timer.o
 .debug_frame   0x0000000000000374       0x80 ./Core/Src/stm32f1xx_hal_msp.o
 .debug_frame   0x00000000000003f4      0x120 ./Core/Src/stm32f1xx_it.o
 .debug_frame   0x0000000000000514       0x34 ./Core/Src/sysmem.o
 .debug_frame   0x0000000000000548       0x58 ./Core/Src/system_stm32f1xx.o
 .debug_frame   0x00000000000005a0       0xa0 ./Core/Src/traffic_light.o
 .debug_frame   0x0000000000000640      0x334 ./Drivers/STM32F1xx_HAL_Driver/Src/stm32f1xx_hal.o
 .debug_frame   0x0000000000000974      0x428 ./Drivers/STM32F1xx_HAL_Driver/Src/stm32f1xx_hal_cortex.o
 .debug_frame   0x0000000000000d9c      0x14c ./Drivers/STM32F1xx_HAL_Driver/Src/stm32f1xx_hal_gpio.o
 .debug_frame   0x0000000000000ee8      0x218 ./Drivers/STM32F1xx_HAL_Driver/Src/stm32f1xx_hal_rcc.o
 .debug_frame   0x0000000000001100     0x11b4 ./Drivers/STM32F1xx_HAL_Driver/Src/stm32f1xx_hal_tim.o
 .debug_frame   0x00000000000022b4      0x638 ./Drivers/STM32F1xx_HAL_Driver/Src/stm32f1xx_hal_tim_ex.o
 .debug_frame   0x00000000000028ec       0x20 d:/app/stm32cubeide_1.7.0/stm32cubeide/plugins/com.st.stm32cube.ide.mcu.externaltools.gnu-tools-for-stm32.9-2020-q2-update.win32_2.0.0.202105311346/tools/bin/../lib/gcc/arm-none-eabi/9.3.1/../../../../arm-none-eabi/lib/thumb/v7-m/nofp\libc_nano.a(lib_a-errno.o)
 .debug_frame   0x000000000000290c       0x2c d:/app/stm32cubeide_1.7.0/stm32cubeide/plugins/com.st.stm32cube.ide.mcu.externaltools.gnu-tools-for-stm32.9-2020-q2-update.win32_2.0.0.202105311346/tools/bin/../lib/gcc/arm-none-eabi/9.3.1/../../../../arm-none-eabi/lib/thumb/v7-m/nofp\libc_nano.a(lib_a-init.o)
 .debug_frame   0x0000000000002938       0x30 d:/app/stm32cubeide_1.7.0/stm32cubeide/plugins/com.st.stm32cube.ide.mcu.externaltools.gnu-tools-for-stm32.9-2020-q2-update.win32_2.0.0.202105311346/tools/bin/../lib/gcc/arm-none-eabi/9.3.1/../../../../arm-none-eabi/lib/thumb/v7-m/nofp\libc_nano.a(lib_a-malloc.o)
 .debug_frame   0x0000000000002968       0x20 d:/app/stm32cubeide_1.7.0/stm32cubeide/plugins/com.st.stm32cube.ide.mcu.externaltools.gnu-tools-for-stm32.9-2020-q2-update.win32_2.0.0.202105311346/tools/bin/../lib/gcc/arm-none-eabi/9.3.1/../../../../arm-none-eabi/lib/thumb/v7-m/nofp\libc_nano.a(lib_a-memset.o)
 .debug_frame   0x0000000000002988       0x38 d:/app/stm32cubeide_1.7.0/stm32cubeide/plugins/com.st.stm32cube.ide.mcu.externaltools.gnu-tools-for-stm32.9-2020-q2-update.win32_2.0.0.202105311346/tools/bin/../lib/gcc/arm-none-eabi/9.3.1/../../../../arm-none-eabi/lib/thumb/v7-m/nofp\libc_nano.a(lib_a-nano-freer.o)
 .debug_frame   0x00000000000029c0       0x30 d:/app/stm32cubeide_1.7.0/stm32cubeide/plugins/com.st.stm32cube.ide.mcu.externaltools.gnu-tools-for-stm32.9-2020-q2-update.win32_2.0.0.202105311346/tools/bin/../lib/gcc/arm-none-eabi/9.3.1/../../../../arm-none-eabi/lib/thumb/v7-m/nofp\libc_nano.a(lib_a-nano-mallocr.o)
 .debug_frame   0x00000000000029f0       0x2c d:/app/stm32cubeide_1.7.0/stm32cubeide/plugins/com.st.stm32cube.ide.mcu.externaltools.gnu-tools-for-stm32.9-2020-q2-update.win32_2.0.0.202105311346/tools/bin/../lib/gcc/arm-none-eabi/9.3.1/../../../../arm-none-eabi/lib/thumb/v7-m/nofp\libc_nano.a(lib_a-sbrkr.o)
 .debug_frame   0x0000000000002a1c       0x30 d:/app/stm32cubeide_1.7.0/stm32cubeide/plugins/com.st.stm32cube.ide.mcu.externaltools.gnu-tools-for-stm32.9-2020-q2-update.win32_2.0.0.202105311346/tools/bin/../lib/gcc/arm-none-eabi/9.3.1/../../../../arm-none-eabi/lib/thumb/v7-m/nofp\libc_nano.a(lib_a-mlock.o)
 .debug_frame   0x0000000000002a4c       0x5c d:/app/stm32cubeide_1.7.0/stm32cubeide/plugins/com.st.stm32cube.ide.mcu.externaltools.gnu-tools-for-stm32.9-2020-q2-update.win32_2.0.0.202105311346/tools/bin/../lib/gcc/arm-none-eabi/9.3.1/../../../../arm-none-eabi/lib/thumb/v7-m/nofp\libc_nano.a(lib_a-reent.o)
 .debug_frame   0x0000000000002aa8       0xb0 d:/app/stm32cubeide_1.7.0/stm32cubeide/plugins/com.st.stm32cube.ide.mcu.externaltools.gnu-tools-for-stm32.9-2020-q2-update.win32_2.0.0.202105311346/tools/bin/../lib/gcc/arm-none-eabi/9.3.1/../../../../arm-none-eabi/lib/thumb/v7-m/nofp\libc_nano.a(lib_a-lock.o)
